CLEAN prefix sweep: all N use prefixes of ONE fixed word (generation 20), 5 seeds

     N | last symbol |  Fibonacci |  random-order |    ratio
--------------------------------------------------------------
[------------------------------] 0/15  starting N=50  (  0.0s elapsed)
    50 |           B |     0.1967 |        0.1401 |   1.404x
[##----------------------------] 1/15  starting N=100  (  0.1s elapsed)
   100 |           B |     0.1889 |        0.1258 |   1.502x
[####--------------------------] 2/15  starting N=200  (  0.3s elapsed)
   200 |           A |     0.2013 |        0.1185 |   1.699x
[######------------------------] 3/15  starting N=400  (  0.7s elapsed)
   400 |           A |     0.1855 |        0.1143 |   1.623x
[########----------------------] 4/15  starting N=600  (  1.8s elapsed)
   600 |           B |     0.1817 |        0.1113 |   1.633x
[##########--------------------] 5/15  starting N=900  (  3.7s elapsed)
   900 |           A |     0.1829 |        0.1089 |   1.680x
[############------------------] 6/15  starting N=1300  (  9.4s elapsed)
  1300 |           A |     0.1936 |        0.1071 |   1.808x
[##############----------------] 7/15  starting N=1800  ( 16.7s elapsed)
  1800 |           A |     0.1928 |        0.1054 |   1.829x
[################--------------] 8/15  starting N=2400  ( 26.9s elapsed)
  2400 |           A |     0.1922 |        0.1035 |   1.857x
[##################------------] 9/15  starting N=3100  ( 43.4s elapsed)
  3100 |           B |     0.1879 |        0.1022 |   1.838x
[####################----------] 10/15  starting N=4000  ( 74.4s elapsed)
  4000 |           A |     0.1801 |        0.1013 |   1.778x
[######################--------] 11/15  starting N=5000  (130.4s elapsed)
  5000 |           A |     0.1798 |        0.1003 |   1.793x
[########################------] 12/15  starting N=6500  (221.6s elapsed)
  6500 |           A |     0.1792 |        0.0992 |   1.807x
[##########################----] 13/15  starting N=8000  (391.3s elapsed)
  8000 |           A |     0.1903 |        0.0984 |   1.933x
[############################--] 14/15  starting N=10000  (667.2s elapsed)
 10000 |           A |     0.1901 |        0.0973 |   1.953x
[##############################] 15/15  done  (1142.6s elapsed)

--- verdict ---
trajectory: 1.40x -> 1.50x -> 1.70x -> 1.62x -> 1.63x -> 1.68x -> 1.81x -> 1.83x -> 1.86x -> 1.84x -> 1.78x -> 1.79x -> 1.81x -> 1.93x -> 1.95x
step diffs: ['+0.10', '+0.20', '-0.08', '+0.01', '+0.05', '+0.13', '+0.02', '+0.03', '-0.02', '-0.06', '+0.02', '+0.01', '+0.13', '+0.02']  (4 sign reversals out of 13 pairs)
STILL wobbles even with a single fixed underlying sequence -- this is now a genuine,
confirmed property of prefix length within the true Fibonacci sequence, not an artifact.
